Archive member included to satisfy reference by file (symbol)

/opt/Atollic_TrueSTUDIO_for_STM32_x86_64_9.0.0/ARMTools/bin/../lib/gcc/arm-atollic-eabi/6.3.1/../../../../arm-atollic-eabi/lib/armv7-m/libc_nano.a(lib_a-init.o)
                              startup/startup_stm32f103xb.o (__libc_init_array)
/opt/Atollic_TrueSTUDIO_for_STM32_x86_64_9.0.0/ARMTools/bin/../lib/gcc/arm-atollic-eabi/6.3.1/../../../../arm-atollic-eabi/lib/armv7-m/libc_nano.a(lib_a-memcpy-stub.o)
                              Middlewares/Third_Party/FreeRTOS/Source/queue.o (memcpy)
/opt/Atollic_TrueSTUDIO_for_STM32_x86_64_9.0.0/ARMTools/bin/../lib/gcc/arm-atollic-eabi/6.3.1/../../../../arm-atollic-eabi/lib/armv7-m/libc_nano.a(lib_a-memset.o)
                              Drivers/STM32F1xx_HAL_Driver/Src/stm32f1xx_hal_rcc.o (memset)
/opt/Atollic_TrueSTUDIO_for_STM32_x86_64_9.0.0/ARMTools/bin/../lib/gcc/arm-atollic-eabi/6.3.1/../../../../arm-atollic-eabi/lib/armv7-m/libc_nano.a(lib_a-strlen.o)
                              Src/main.o (strlen)
/opt/Atollic_TrueSTUDIO_for_STM32_x86_64_9.0.0/ARMTools/bin/../lib/gcc/arm-atollic-eabi/6.3.1/armv7-m/libgcc.a(_lshrdi3.o)
                              Drivers/STM32F1xx_HAL_Driver/Src/stm32f1xx_hal_flash.o (__aeabi_llsr)

Allocating common symbols
Common symbol       size              file

TestString          0x14              Src/main.o
Frame               0x14              Src/main.o
uwTick              0x4               Drivers/STM32F1xx_HAL_Driver/Src/stm32f1xx_hal.o
xQueueRegistry      0x40              Middlewares/Third_Party/FreeRTOS/Source/queue.o
pFlash              0x20              Drivers/STM32F1xx_HAL_Driver/Src/stm32f1xx_hal_flash.o
huart1              0x40              Src/main.o
bNewFrame           0x1               Src/main.o
htim1               0x40              Src/stm32f1xx_hal_timebase_TIM.o
PwmTaskHandle       0x4               Src/main.o
myQueue01Handle     0x4               Src/main.o
htim2               0x40              Src/main.o
UartTaskHandle      0x4               Src/main.o

Discarded input sections

 .text          0x0000000000000000        0x0 /opt/Atollic_TrueSTUDIO_for_STM32_x86_64_9.0.0/ARMTools/bin/../lib/gcc/arm-atollic-eabi/6.3.1/armv7-m/crti.o
 .data          0x0000000000000000        0x0 /opt/Atollic_TrueSTUDIO_for_STM32_x86_64_9.0.0/ARMTools/bin/../lib/gcc/arm-atollic-eabi/6.3.1/armv7-m/crti.o
 .bss           0x0000000000000000        0x0 /opt/Atollic_TrueSTUDIO_for_STM32_x86_64_9.0.0/ARMTools/bin/../lib/gcc/arm-atollic-eabi/6.3.1/armv7-m/crti.o
 .data          0x0000000000000000        0x4 /opt/Atollic_TrueSTUDIO_for_STM32_x86_64_9.0.0/ARMTools/bin/../lib/gcc/arm-atollic-eabi/6.3.1/armv7-m/crtbegin.o
 .text          0x0000000000000000        0x0 Drivers/STM32F1xx_HAL_Driver/Src/stm32f1xx_hal.o
 .data          0x0000000000000000        0x0 Drivers/STM32F1xx_HAL_Driver/Src/stm32f1xx_hal.o
 .bss           0x0000000000000000        0x0 Drivers/STM32F1xx_HAL_Driver/Src/stm32f1xx_hal.o
 .text.HAL_MspInit
                0x0000000000000000        0x2 Drivers/STM32F1xx_HAL_Driver/Src/stm32f1xx_hal.o
 .text.HAL_MspDeInit
                0x0000000000000000        0x2 Drivers/STM32F1xx_HAL_Driver/Src/stm32f1xx_hal.o
 .text.HAL_DeInit
                0x0000000000000000       0x20 Drivers/STM32F1xx_HAL_Driver/Src/stm32f1xx_hal.o
 .text.HAL_InitTick
                0x0000000000000000       0x28 Drivers/STM32F1xx_HAL_Driver/Src/stm32f1xx_hal.o
 .text.HAL_Delay
                0x0000000000000000       0x20 Drivers/STM32F1xx_HAL_Driver/Src/stm32f1xx_hal.o
 .text.HAL_SuspendTick
                0x0000000000000000       0x10 Drivers/STM32F1xx_HAL_Driver/Src/stm32f1xx_hal.o
 .text.HAL_ResumeTick
                0x0000000000000000       0x10 Drivers/STM32F1xx_HAL_Driver/Src/stm32f1xx_hal.o
 .text.HAL_GetHalVersion
                0x0000000000000000        0x8 Drivers/STM32F1xx_HAL_Driver/Src/stm32f1xx_hal.o
 .text.HAL_GetREVID
                0x0000000000000000        0xc Drivers/STM32F1xx_HAL_Driver/Src/stm32f1xx_hal.o
 .text.HAL_GetDEVID
                0x0000000000000000       0x10 Drivers/STM32F1xx_HAL_Driver/Src/stm32f1xx_hal.o
 .text.HAL_DBGMCU_EnableDBGSleepMode
                0x0000000000000000       0x10 Drivers/STM32F1xx_HAL_Driver/Src/stm32f1xx_hal.o
 .text.HAL_DBGMCU_DisableDBGSleepMode
                0x0000000000000000       0x10 Drivers/STM32F1xx_HAL_Driver/Src/stm32f1xx_hal.o
 .text.HAL_DBGMCU_EnableDBGStopMode
                0x0000000000000000       0x10 Drivers/STM32F1xx_HAL_Driver/Src/stm32f1xx_hal.o
 .text.HAL_DBGMCU_DisableDBGStopMode
                0x0000000000000000       0x10 Drivers/STM32F1xx_HAL_Driver/Src/stm32f1xx_hal.o
 .text.HAL_DBGMCU_EnableDBGStandbyMode
                0x0000000000000000       0x10 Drivers/STM32F1xx_HAL_Driver/Src/stm32f1xx_hal.o
 .text.HAL_DBGMCU_DisableDBGStandbyMode
                0x0000000000000000       0x10 Drivers/STM32F1xx_HAL_Driver/Src/stm32f1xx_hal.o
 .text.HAL_GetUID
[...]
Memory Configuration

Name             Origin             Length             Attributes
RAM              0x0000000020000000 0x0000000000005000 xrw
FLASH            0x0000000008000000 0x0000000000010000 xr
*default*        0x0000000000000000 0xffffffffffffffff

Linker script and memory map

LOAD /opt/Atollic_TrueSTUDIO_for_STM32_x86_64_9.0.0/ARMTools/bin/../lib/gcc/arm-atollic-eabi/6.3.1/armv7-m/crti.o
LOAD /opt/Atollic_TrueSTUDIO_for_STM32_x86_64_9.0.0/ARMTools/bin/../lib/gcc/arm-atollic-eabi/6.3.1/armv7-m/crtbegin.o
LOAD Drivers/STM32F1xx_HAL_Driver/Src/stm32f1xx_hal.o
LOAD Drivers/STM32F1xx_HAL_Driver/Src/stm32f1xx_hal_cortex.o
LOAD Drivers/STM32F1xx_HAL_Driver/Src/stm32f1xx_hal_dma.o
LOAD Drivers/STM32F1xx_HAL_Driver/Src/stm32f1xx_hal_flash.o
LOAD Drivers/STM32F1xx_HAL_Driver/Src/stm32f1xx_hal_flash_ex.o
LOAD Drivers/STM32F1xx_HAL_Driver/Src/stm32f1xx_hal_gpio.o
LOAD Drivers/STM32F1xx_HAL_Driver/Src/stm32f1xx_hal_gpio_ex.o
LOAD Drivers/STM32F1xx_HAL_Driver/Src/stm32f1xx_hal_pwr.o
LOAD Drivers/STM32F1xx_HAL_Driver/Src/stm32f1xx_hal_rcc.o
LOAD Drivers/STM32F1xx_HAL_Driver/Src/stm32f1xx_hal_rcc_ex.o
LOAD Drivers/STM32F1xx_HAL_Driver/Src/stm32f1xx_hal_tim.o
LOAD Drivers/STM32F1xx_HAL_Driver/Src/stm32f1xx_hal_tim_ex.o
LOAD Drivers/STM32F1xx_HAL_Driver/Src/stm32f1xx_hal_uart.o
LOAD Middlewares/Third_Party/FreeRTOS/Source/CMSIS_RTOS/cmsis_os.o
LOAD Middlewares/Third_Party/FreeRTOS/Source/croutine.o
LOAD Middlewares/Third_Party/FreeRTOS/Source/event_groups.o
LOAD Middlewares/Third_Party/FreeRTOS/Source/list.o
LOAD Middlewares/Third_Party/FreeRTOS/Source/portable/GCC/ARM_CM3/port.o
LOAD Middlewares/Third_Party/FreeRTOS/Source/portable/MemMang/heap_4.o
LOAD Middlewares/Third_Party/FreeRTOS/Source/queue.o
LOAD Middlewares/Third_Party/FreeRTOS/Source/tasks.o
LOAD Middlewares/Third_Party/FreeRTOS/Source/timers.o
LOAD Src/freertos.o
LOAD Src/main.o
LOAD Src/stm32f1xx_hal_msp.o
LOAD Src/stm32f1xx_hal_timebase_TIM.o
LOAD Src/stm32f1xx_it.o
LOAD Src/system_stm32f1xx.o
LOAD startup/startup_stm32f103xb.o
                0x0000000000000080                malloc_getpagesize_P = 0x80
START GROUP
LOAD /opt/Atollic_TrueSTUDIO_for_STM32_x86_64_9.0.0/ARMTools/bin/../lib/gcc/arm-atollic-eabi/6.3.1/../../../../arm-atollic-eabi/lib/armv7-m/libc_nano.a
LOAD /opt/Atollic_TrueSTUDIO_for_STM32_x86_64_9.0.0/ARMTools/bin/../lib/gcc/arm-atollic-eabi/6.3.1/../../../../arm-atollic-eabi/lib/armv7-m/libm.a
END GROUP
START GROUP
LOAD /opt/Atollic_TrueSTUDIO_for_STM32_x86_64_9.0.0/ARMTools/bin/../lib/gcc/arm-atollic-eabi/6.3.1/armv7-m/libgcc.a
LOAD /opt/Atollic_TrueSTUDIO_for_STM32_x86_64_9.0.0/ARMTools/bin/../lib/gcc/arm-atollic-eabi/6.3.1/../../../../arm-atollic-eabi/lib/armv7-m/libc_nano.a
END GROUP
START GROUP
LOAD /opt/Atollic_TrueSTUDIO_for_STM32_x86_64_9.0.0/ARMTools/bin/../lib/gcc/arm-atollic-eabi/6.3.1/armv7-m/libgcc.a
LOAD /opt/Atollic_TrueSTUDIO_for_STM32_x86_64_9.0.0/ARMTools/bin/../lib/gcc/arm-atollic-eabi/6.3.1/../../../../arm-atollic-eabi/lib/armv7-m/libc_nano.a
LOAD /opt/Atollic_TrueSTUDIO_for_STM32_x86_64_9.0.0/ARMTools/bin/../lib/gcc/arm-atollic-eabi/6.3.1/../../../../arm-atollic-eabi/lib/armv7-m/libnosys.a
END GROUP
START GROUP
LOAD /opt/Atollic_TrueSTUDIO_for_STM32_x86_64_9.0.0/ARMTools/bin/../lib/gcc/arm-atollic-eabi/6.3.1/armv7-m/libgcc.a
LOAD /opt/Atollic_TrueSTUDIO_for_STM32_x86_64_9.0.0/ARMTools/bin/../lib/gcc/arm-atollic-eabi/6.3.1/../../../../arm-atollic-eabi/lib/armv7-m/libc_nano.a
LOAD /opt/Atollic_TrueSTUDIO_for_STM32_x86_64_9.0.0/ARMTools/bin/../lib/gcc/arm-atollic-eabi/6.3.1/../../../../arm-atollic-eabi/lib/armv7-m/libnosys.a
END GROUP
LOAD /opt/Atollic_TrueSTUDIO_for_STM32_x86_64_9.0.0/ARMTools/bin/../lib/gcc/arm-atollic-eabi/6.3.1/armv7-m/crtend.o
LOAD /opt/Atollic_TrueSTUDIO_for_STM32_x86_64_9.0.0/ARMTools/bin/../lib/gcc/arm-atollic-eabi/6.3.1/armv7-m/crtn.o
                0x0000000020005000                _estack = 0x20005000
                0x0000000000000200                _Min_Heap_Size = 0x200
                0x0000000000000400                _Min_Stack_Size = 0x400

.isr_vector     0x0000000008000000      0x10c
                0x0000000008000000                . = ALIGN (0x4)
 *(.isr_vector)
 .isr_vector    0x0000000008000000      0x10c startup/startup_stm32f103xb.o
                0x0000000008000000                g_pfnVectors
                0x000000000800010c                . = ALIGN (0x4)

.text           0x0000000008000110     0x25ec
                0x0000000008000110                . = ALIGN (0x4)
 *(.text)
 .text          0x0000000008000110       0x40 /opt/Atollic_TrueSTUDIO_for_STM32_x86_64_9.0.0/ARMTools/bin/../lib/gcc/arm-atollic-eabi/6.3.1/armv7-m/crtbegin.o
 .text          0x0000000008000150       0x10 /opt/Atollic_TrueSTUDIO_for_STM32_x86_64_9.0.0/ARMTools/bin/../lib/gcc/arm-atollic-eabi/6.3.1/../../../../arm-atollic-eabi/lib/armv7-m/libc_nano.a(lib_a-strlen.o)
                0x0000000008000150                strlen
 *(.text*)
 .text.HAL_Init
                0x0000000008000160       0x24 Drivers/STM32F1xx_HAL_Driver/Src/stm32f1xx_hal.o
                0x0000000008000160                HAL_Init
 .text.HAL_IncTick
                0x0000000008000184       0x10 Drivers/STM32F1xx_HAL_Driver/Src/stm32f1xx_hal.o
                0x0000000008000184                HAL_IncTick
 .text.HAL_GetTick
                0x0000000008000194        0xc Drivers/STM32F1xx_HAL_Driver/Src/stm32f1xx_hal.o
                0x0000000008000194                HAL_GetTick
 .text.HAL_NVIC_SetPriorityGrouping
                0x00000000080001a0       0x24 Drivers/STM32F1xx_HAL_Driver/Src/stm32f1xx_hal_cortex.o
                0x00000000080001a0                HAL_NVIC_SetPriorityGrouping
 .text.HAL_NVIC_SetPriority
                0x00000000080001c4       0x68 Drivers/STM32F1xx_HAL_Driver/Src/stm32f1xx_hal_cortex.o
                0x00000000080001c4                HAL_NVIC_SetPriority
 .text.HAL_NVIC_EnableIRQ
                0x000000000800022c       0x18 Drivers/STM32F1xx_HAL_Driver/Src/stm32f1xx_hal_cortex.o
                0x000000000800022c                HAL_NVIC_EnableIRQ
 .text.HAL_SYSTICK_Config
                0x0000000008000244       0x2c Drivers/STM32F1xx_HAL_Driver/Src/stm32f1xx_hal_cortex.o
                0x0000000008000244                HAL_SYSTICK_Config
 .text.HAL_SYSTICK_CLKSourceConfig
                0x0000000008000270       0x18 Drivers/STM32F1xx_HAL_Driver/Src/stm32f1xx_hal_cortex.o
                0x0000000008000270                HAL_SYSTICK_CLKSourceConfig
 .text.HAL_GPIO_Init
                0x0000000008000288      0x1c0 Drivers/STM32F1xx_HAL_Driver/Src/stm32f1xx_hal_gpio.o
                0x0000000008000288                HAL_GPIO_Init
 .text.HAL_GPIO_WritePin
                0x0000000008000448        0xa Drivers/STM32F1xx_HAL_Driver/Src/stm32f1xx_hal_gpio.o
                0x0000000008000448                HAL_GPIO_WritePin
 .text.HAL_GPIO_TogglePin
                0x0000000008000452        0x8 Drivers/STM32F1xx_HAL_Driver/Src/stm32f1xx_hal_gpio.o
                0x0000000008000452                HAL_GPIO_TogglePin
 *fill*         0x000000000800045a        0x2 
 .text.HAL_RCC_OscConfig
                0x000000000800045c      0x318 Drivers/STM32F1xx_HAL_Driver/Src/stm32f1xx_hal_rcc.o
                0x000000000800045c                HAL_RCC_OscConfig
 .text.HAL_RCC_GetSysClockFreq
                0x0000000008000774       0x7c Drivers/STM32F1xx_HAL_Driver/Src/stm32f1xx_hal_rcc.o
                0x0000000008000774                HAL_RCC_GetSysClockFreq
 .text.HAL_RCC_ClockConfig
                0x00000000080007f0      0x148 Drivers/STM32F1xx_HAL_Driver/Src/stm32f1xx_hal_rcc.o
                0x00000000080007f0                HAL_RCC_ClockConfig
 .text.HAL_RCC_GetHCLKFreq
                0x0000000008000938        0xc Drivers/STM32F1xx_HAL_Driver/Src/stm32f1xx_hal_rcc.o
                0x0000000008000938                HAL_RCC_GetHCLKFreq
 .text.HAL_RCC_GetPCLK1Freq
                0x0000000008000944       0x20 Drivers/STM32F1xx_HAL_Driver/Src/stm32f1xx_hal_rcc.o
                0x0000000008000944                HAL_RCC_GetPCLK1Freq
 .text.HAL_RCC_GetPCLK2Freq
                0x0000000008000964       0x20 Drivers/STM32F1xx_HAL_Driver/Src/stm32f1xx_hal_rcc.o
                0x0000000008000964                HAL_RCC_GetPCLK2Freq
 .text.HAL_RCC_GetClockConfig
                0x0000000008000984       0x3c Drivers/STM32F1xx_HAL_Driver/Src/stm32f1xx_hal_rcc.o
                0x0000000008000984                HAL_RCC_GetClockConfig
 .text.TIM_OC1_SetConfig
                0x00000000080009c0       0x50 Drivers/STM32F1xx_HAL_Driver/Src/stm32f1xx_hal_tim.o
 .text.TIM_OC3_SetConfig
                0x0000000008000a10       0x54 Drivers/STM32F1xx_HAL_Driver/Src/stm32f1xx_hal_tim.o
 .text.TIM_OC4_SetConfig
                0x0000000008000a64       0x44 Drivers/STM32F1xx_HAL_Driver/Src/stm32f1xx_hal_tim.o
 .text.HAL_TIM_Base_MspInit
                0x0000000008000aa8        0x2 Drivers/STM32F1xx_HAL_Driver/Src/stm32f1xx_hal_tim.o
                0x0000000008000aa8                HAL_TIM_Base_MspInit
 .text.HAL_TIM_Base_Start_IT
                0x0000000008000aaa       0x16 Drivers/STM32F1xx_HAL_Driver/Src/stm32f1xx_hal_tim.o
                0x0000000008000aaa                HAL_TIM_Base_Start_IT
 .text.HAL_TIM_OC_DelayElapsedCallback
                0x0000000008000ac0        0x2 Drivers/STM32F1xx_HAL_Driver/Src/stm32f1xx_hal_tim.o
                0x0000000008000ac0                HAL_TIM_OC_DelayElapsedCallback
 .text.HAL_TIM_IC_CaptureCallback
                0x0000000008000ac2        0x2 Drivers/STM32F1xx_HAL_Driver/Src/stm32f1xx_hal_tim.o
                0x0000000008000ac2                HAL_TIM_IC_CaptureCallback
 .text.HAL_TIM_PWM_PulseFinishedCallback
                0x0000000008000ac4        0x2 Drivers/STM32F1xx_HAL_Driver/Src/stm32f1xx_hal_tim.o
                0x0000000008000ac4                HAL_TIM_PWM_PulseFinishedCallback
 .text.HAL_TIM_TriggerCallback
                0x0000000008000ac6        0x2 Drivers/STM32F1xx_HAL_Driver/Src/stm32f1xx_hal_tim.o
                0x0000000008000ac6                HAL_TIM_TriggerCallback
 .text.HAL_TIM_IRQHandler
                0x0000000008000ac8      0x144 Drivers/STM32F1xx_HAL_Driver/Src/stm32f1xx_hal_tim.o
                0x0000000008000ac8                HAL_TIM_IRQHandler
 .text.TIM_Base_SetConfig
                0x0000000008000c0c       0x70 Drivers/STM32F1xx_HAL_Driver/Src/stm32f1xx_hal_tim.o
                0x0000000008000c0c                TIM_Base_SetConfig
 .text.HAL_TIM_Base_Init
                0x0000000008000c7c       0x34 Drivers/STM32F1xx_HAL_Driver/Src/stm32f1xx_hal_tim.o
                0x0000000008000c7c                HAL_TIM_Base_Init
 .text.HAL_TIM_PWM_Init
                0x0000000008000cb0       0x34 Drivers/STM32F1xx_HAL_Driver/Src/stm32f1xx_hal_tim.o
                0x0000000008000cb0                HAL_TIM_PWM_Init
 .text.TIM_OC2_SetConfig
                0x0000000008000ce4       0x58 Drivers/STM32F1xx_HAL_Driver/Src/stm32f1xx_hal_tim.o
                0x0000000008000ce4                TIM_OC2_SetConfig
 .text.HAL_TIM_PWM_ConfigChannel
                0x0000000008000d3c       0xc4 Drivers/STM32F1xx_HAL_Driver/Src/stm32f1xx_hal_tim.o
                0x0000000008000d3c                HAL_TIM_PWM_ConfigChannel
 .text.TIM_CCxChannelCmd
                0x0000000008000e00       0x18 Drivers/STM32F1xx_HAL_Driver/Src/stm32f1xx_hal_tim.o
                0x0000000008000e00                TIM_CCxChannelCmd
 .text.HAL_TIM_PWM_Start
                0x0000000008000e18       0x2c Drivers/STM32F1xx_HAL_Driver/Src/stm32f1xx_hal_tim.o
                0x0000000008000e18                HAL_TIM_PWM_Start
 .text.HAL_TIMEx_MasterConfigSynchronization
                0x0000000008000e44       0x44 Drivers/STM32F1xx_HAL_Driver/Src/stm32f1xx_hal_tim_ex.o
                0x0000000008000e44                HAL_TIMEx_MasterConfigSynchronization
 .text.HAL_TIMEx_CommutationCallback
                0x0000000008000e88        0x2 Drivers/STM32F1xx_HAL_Driver/Src/stm32f1xx_hal_tim_ex.o
                0x0000000008000e88                HAL_TIMEx_CommutationCallback
 .text.HAL_TIMEx_BreakCallback
                0x0000000008000e8a        0x2 Drivers/STM32F1xx_HAL_Driver/Src/stm32f1xx_hal_tim_ex.o
                0x0000000008000e8a                HAL_TIMEx_BreakCallback
 .text.UART_SetConfig
                0x0000000008000e8c      0x13c Drivers/STM32F1xx_HAL_Driver/Src/stm32f1xx_hal_uart.o
 .text.UART_WaitOnFlagUntilTimeout.constprop.3
                0x0000000008000fc8       0x50 Drivers/STM32F1xx_HAL_Driver/Src/stm32f1xx_hal_uart.o
 .text.HAL_UART_Init
                0x0000000008001018       0x5c Drivers/STM32F1xx_HAL_Driver/Src/stm32f1xx_hal_uart.o
                0x0000000008001018                HAL_UART_Init
 .text.HAL_UART_Transmit
                0x0000000008001074       0xb8 Drivers/STM32F1xx_HAL_Driver/Src/stm32f1xx_hal_uart.o
                0x0000000008001074                HAL_UART_Transmit
 .text.HAL_UART_Receive
                0x000000000800112c       0xbe Drivers/STM32F1xx_HAL_Driver/Src/stm32f1xx_hal_uart.o
                0x000000000800112c                HAL_UART_Receive
 .text.osKernelStart
                0x00000000080011ea        0xa Middlewares/Third_Party/FreeRTOS/Source/CMSIS_RTOS/cmsis_os.o
                0x00000000080011ea                osKernelStart
 .text.osThreadCreate
                0x00000000080011f4       0x32 Middlewares/Third_Party/FreeRTOS/Source/CMSIS_RTOS/cmsis_os.o
                0x00000000080011f4                osThreadCreate
 .text.osDelay  0x0000000008001226       0x10 Middlewares/Third_Party/FreeRTOS/Source/CMSIS_RTOS/cmsis_os.o
                0x0000000008001226                osDelay
 .text.osMessageCreate
                0x0000000008001236        0x8 Middlewares/Third_Party/FreeRTOS/Source/CMSIS_RTOS/cmsis_os.o
                0x0000000008001236                osMessageCreate
 .text.osSystickHandler
                0x000000000800123e       0x14 Middlewares/Third_Party/FreeRTOS/Source/CMSIS_RTOS/cmsis_os.o
                0x000000000800123e                osSystickHandler
 .text.vListInitialise
                0x0000000008001252       0x16 Middlewares/Third_Party/FreeRTOS/Source/list.o
                0x0000000008001252                vListInitialise
 .text.vListInitialiseItem
                0x0000000008001268        0x6 Middlewares/Third_Party/FreeRTOS/Source/list.o
                0x0000000008001268                vListInitialiseItem
 .text.vListInsertEnd
                0x000000000800126e       0x18 Middlewares/Third_Party/FreeRTOS/Source/list.o
                0x000000000800126e                vListInsertEnd
 .text.vListInsert
                0x0000000008001286       0x2e Middlewares/Third_Party/FreeRTOS/Source/list.o
                0x0000000008001286                vListInsert
 .text.uxListRemove
                0x00000000080012b4       0x20 Middlewares/Third_Party/FreeRTOS/Source/list.o
                0x00000000080012b4                uxListRemove
 .text.prvTaskExitError
                0x00000000080012d4       0x30 Middlewares/Third_Party/FreeRTOS/Source/portable/GCC/ARM_CM3/port.o
 .text.prvPortStartFirstTask
                0x0000000008001304       0x20 Middlewares/Third_Party/FreeRTOS/Source/portable/GCC/ARM_CM3/port.o
 .text.pxPortInitialiseStack
                0x0000000008001324       0x24 Middlewares/Third_Party/FreeRTOS/Source/portable/GCC/ARM_CM3/port.o
                0x0000000008001324                pxPortInitialiseStack
 *fill*         0x0000000008001348        0x8 
 .text.SVC_Handler
                0x0000000008001350       0x24 Middlewares/Third_Party/FreeRTOS/Source/portable/GCC/ARM_CM3/port.o
                0x0000000008001350                SVC_Handler
 .text.vPortEnterCritical
                0x0000000008001374       0x44 Middlewares/Third_Party/FreeRTOS/Source/portable/GCC/ARM_CM3/port.o
                0x0000000008001374                vPortEnterCritical
 .text.vPortExitCritical
                0x00000000080013b8       0x28 Middlewares/Third_Party/FreeRTOS/Source/portable/GCC/ARM_CM3/port.o
                0x00000000080013b8                vPortExitCritical
 .text.PendSV_Handler
                0x00000000080013e0       0x44 Middlewares/Third_Party/FreeRTOS/Source/portable/GCC/ARM_CM3/port.o
                0x00000000080013e0                PendSV_Handler
 .text.xPortSysTickHandler
                0x0000000008001424       0x2c Middlewares/Third_Party/FreeRTOS/Source/portable/GCC/ARM_CM3/port.o
                0x0000000008001424                xPortSysTickHandler
 .text.vPortSetupTimerInterrupt
                0x0000000008001450       0x28 Middlewares/Third_Party/FreeRTOS/Source/portable/GCC/ARM_CM3/port.o
                0x0000000008001450                vPortSetupTimerInterrupt
 .text.xPortStartScheduler
                0x0000000008001478       0x94 Middlewares/Third_Party/FreeRTOS/Source/portable/GCC/ARM_CM3/port.o
                0x0000000008001478                xPortStartScheduler
 .text.unlikely.prvInsertBlockIntoFreeList
                0x000000000800150c       0x48 Middlewares/Third_Party/FreeRTOS/Source/portable/MemMang/heap_4.o
 .text.pvPortMalloc
                0x0000000008001554      0x11c Middlewares/Third_Party/FreeRTOS/Source/portable/MemMang/heap_4.o
                0x0000000008001554                pvPortMalloc
 .text.vPortFree
                0x0000000008001670       0x70 Middlewares/Third_Party/FreeRTOS/Source/portable/MemMang/heap_4.o
                0x0000000008001670                vPortFree
 .text.xQueueGenericReset
                0x00000000080016e0       0x80 Middlewares/Third_Party/FreeRTOS/Source/queue.o
                0x00000000080016e0                xQueueGenericReset
 .text.xQueueGenericCreate
                0x0000000008001760       0x42 Middlewares/Third_Party/FreeRTOS/Source/queue.o
                0x0000000008001760                xQueueGenericCreate
 *fill*         0x00000000080017a2        0x2 
 .text.prvResetNextTaskUnblockTime
                0x00000000080017a4       0x24 Middlewares/Third_Party/FreeRTOS/Source/tasks.o
 .text.prvAddCurrentTaskToDelayedList
                0x00000000080017c8       0x8c Middlewares/Third_Party/FreeRTOS/Source/tasks.o
 .text.xTaskCreate
                0x0000000008001854      0x1a0 Middlewares/Third_Party/FreeRTOS/Source/tasks.o
                0x0000000008001854                xTaskCreate
 .text.vTaskStartScheduler
                0x00000000080019f4       0x78 Middlewares/Third_Party/FreeRTOS/Source/tasks.o
                0x00000000080019f4                vTaskStartScheduler
 .text.vTaskSuspendAll
                0x0000000008001a6c       0x10 Middlewares/Third_Party/FreeRTOS/Source/tasks.o
                0x0000000008001a6c                vTaskSuspendAll
 .text.xTaskIncrementTick
                0x0000000008001a7c      0x124 Middlewares/Third_Party/FreeRTOS/Source/tasks.o
                0x0000000008001a7c                xTaskIncrementTick
 .text.xTaskResumeAll
                0x0000000008001ba0       0xf0 Middlewares/Third_Party/FreeRTOS/Source/tasks.o
                0x0000000008001ba0                xTaskResumeAll
 .text.vTaskDelay
                0x0000000008001c90       0x48 Middlewares/Third_Party/FreeRTOS/Source/tasks.o
                0x0000000008001c90                vTaskDelay
 .text.prvIdleTask
                0x0000000008001cd8       0x74 Middlewares/Third_Party/FreeRTOS/Source/tasks.o
 .text.vTaskSwitchContext
                0x0000000008001d4c       0x74 Middlewares/Third_Party/FreeRTOS/Source/tasks.o
                0x0000000008001d4c                vTaskSwitchContext
 .text.xTaskRemoveFromEventList
                0x0000000008001dc0       0x84 Middlewares/Third_Party/FreeRTOS/Source/tasks.o
                0x0000000008001dc0                xTaskRemoveFromEventList
 .text.xTaskGetSchedulerState
                0x0000000008001e44       0x20 Middlewares/Third_Party/FreeRTOS/Source/tasks.o
                0x0000000008001e44                xTaskGetSchedulerState
 .text.main     0x0000000008001e64       0x98 Src/main.o
                0x0000000008001e64                main
 .text.SystemClock_Config
                0x0000000008001efc       0xa4 Src/main.o
                0x0000000008001efc                SystemClock_Config
 .text.MX_TIM2_Init
                0x0000000008001fa0       0xfc Src/main.o
 .text.MX_USART1_UART_Init
                0x000000000800209c       0x5c Src/main.o
 .text.MX_GPIO_Init
                0x00000000080020f8       0x84 Src/main.o
 .text.Init     0x000000000800217c       0x68 Src/main.o
                0x000000000800217c                Init
 .text.CheckFrame
                0x00000000080021e4       0x68 Src/main.o
                0x00000000080021e4                CheckFrame
 .text.ProzessFrame
                0x000000000800224c       0xa4 Src/main.o
                0x000000000800224c                ProzessFrame
 .text.Task_1   0x00000000080022f0       0x12 Src/main.o
                0x00000000080022f0                Task_1
 *fill*         0x0000000008002302        0x2 
 .text.Task_2   0x0000000008002304      0x108 Src/main.o
                0x0000000008002304                Task_2
 .text.HAL_TIM_PeriodElapsedCallback
                0x000000000800240c       0x24 Src/main.o
                0x000000000800240c                HAL_TIM_PeriodElapsedCallback
 .text._Error_Handler
                0x0000000008002430        0xc Src/main.o
                0x0000000008002430                _Error_Handler
 .text.HAL_MspInit
                0x000000000800243c       0x90 Src/stm32f1xx_hal_msp.o
                0x000000000800243c                HAL_MspInit
 .text.HAL_TIM_PWM_MspInit
                0x00000000080024cc       0x24 Src/stm32f1xx_hal_msp.o
                0x00000000080024cc                HAL_TIM_PWM_MspInit
 .text.HAL_TIM_MspPostInit
                0x00000000080024f0       0x28 Src/stm32f1xx_hal_msp.o
                0x00000000080024f0                HAL_TIM_MspPostInit
 .text.HAL_UART_MspInit
                0x0000000008002518       0x58 Src/stm32f1xx_hal_msp.o
                0x0000000008002518                HAL_UART_MspInit
 .text.HAL_InitTick
                0x0000000008002570       0x78 Src/stm32f1xx_hal_timebase_TIM.o
                0x0000000008002570                HAL_InitTick
 .text.NMI_Handler
                0x00000000080025e8        0x2 Src/stm32f1xx_it.o
                0x00000000080025e8                NMI_Handler
 .text.HardFault_Handler
                0x00000000080025ea        0x2 Src/stm32f1xx_it.o
                0x00000000080025ea                HardFault_Handler
 .text.MemManage_Handler
                0x00000000080025ec        0x2 Src/stm32f1xx_it.o
                0x00000000080025ec                MemManage_Handler
 .text.BusFault_Handler
                0x00000000080025ee        0x2 Src/stm32f1xx_it.o
                0x00000000080025ee                BusFault_Handler
 .text.UsageFault_Handler
                0x00000000080025f0        0x2 Src/stm32f1xx_it.o
                0x00000000080025f0                UsageFault_Handler
 .text.DebugMon_Handler
                0x00000000080025f2        0x2 Src/stm32f1xx_it.o
                0x00000000080025f2                DebugMon_Handler
 .text.SysTick_Handler
                0x00000000080025f4        0x4 Src/stm32f1xx_it.o
                0x00000000080025f4                SysTick_Handler
 .text.TIM1_UP_IRQHandler
                0x00000000080025f8        0xc Src/stm32f1xx_it.o
                0x00000000080025f8                TIM1_UP_IRQHandler
 .text.SystemInit
                0x0000000008002604       0x4c Src/system_stm32f1xx.o
                0x0000000008002604                SystemInit
 .text.Reset_Handler
                0x0000000008002650       0x48 startup/startup_stm32f103xb.o
                0x0000000008002650                Reset_Handler
 .text.Default_Handler
                0x0000000008002698        0x2 startup/startup_stm32f103xb.o
                0x0000000008002698                RTC_Alarm_IRQHandler
                0x0000000008002698                EXTI2_IRQHandler
                0x0000000008002698                TIM1_CC_IRQHandler
                0x0000000008002698                PVD_IRQHandler
                0x0000000008002698                EXTI3_IRQHandler
                0x0000000008002698                EXTI0_IRQHandler
                0x0000000008002698                I2C2_EV_IRQHandler
                0x0000000008002698                ADC1_2_IRQHandler
                0x0000000008002698                SPI1_IRQHandler
                0x0000000008002698                TAMPER_IRQHandler
                0x0000000008002698                DMA1_Channel4_IRQHandler
                0x0000000008002698                USART3_IRQHandler
                0x0000000008002698                RTC_IRQHandler
                0x0000000008002698                DMA1_Channel7_IRQHandler
                0x0000000008002698                CAN1_RX1_IRQHandler
                0x0000000008002698                TIM4_IRQHandler
                0x0000000008002698                I2C1_EV_IRQHandler
                0x0000000008002698                DMA1_Channel6_IRQHandler
                0x0000000008002698                TIM3_IRQHandler
                0x0000000008002698                RCC_IRQHandler
                0x0000000008002698                TIM1_TRG_COM_IRQHandler
                0x0000000008002698                DMA1_Channel1_IRQHandler
                0x0000000008002698                Default_Handler
                0x0000000008002698                EXTI15_10_IRQHandler
                0x0000000008002698                EXTI9_5_IRQHandler
                0x0000000008002698                SPI2_IRQHandler
                0x0000000008002698                DMA1_Channel5_IRQHandler
                0x0000000008002698                EXTI4_IRQHandler
                0x0000000008002698                USB_LP_CAN1_RX0_IRQHandler
                0x0000000008002698                USB_HP_CAN1_TX_IRQHandler
                0x0000000008002698                DMA1_Channel3_IRQHandler
                0x0000000008002698                WWDG_IRQHandler
                0x0000000008002698                TIM2_IRQHandler
                0x0000000008002698                TIM1_BRK_IRQHandler
                0x0000000008002698                EXTI1_IRQHandler
                0x0000000008002698                USART2_IRQHandler
                0x0000000008002698                I2C2_ER_IRQHandler
                0x0000000008002698                DMA1_Channel2_IRQHandler
                0x0000000008002698                CAN1_SCE_IRQHandler
                0x0000000008002698                FLASH_IRQHandler
                0x0000000008002698                USART1_IRQHandler
                0x0000000008002698                I2C1_ER_IRQHandler
                0x0000000008002698                USBWakeUp_IRQHandler
 *fill*         0x000000000800269a        0x2 
 .text.__libc_init_array
                0x000000000800269c       0x48 /opt/Atollic_TrueSTUDIO_for_STM32_x86_64_9.0.0/ARMTools/bin/../lib/gcc/arm-atollic-eabi/6.3.1/../../../../arm-atollic-eabi/lib/armv7-m/libc_nano.a(lib_a-init.o)
                0x000000000800269c                __libc_init_array
 *(.glue_7)
 .glue_7        0x00000000080026e4        0x0 linker stubs
 *(.glue_7t)
 .glue_7t       0x00000000080026e4        0x0 linker stubs
 *(.eh_frame)
 .eh_frame      0x00000000080026e4        0x0 /opt/Atollic_TrueSTUDIO_for_STM32_x86_64_9.0.0/ARMTools/bin/../lib/gcc/arm-atollic-eabi/6.3.1/armv7-m/crtbegin.o
 *(.init)
 .init          0x00000000080026e4        0x4 /opt/Atollic_TrueSTUDIO_for_STM32_x86_64_9.0.0/ARMTools/bin/../lib/gcc/arm-atollic-eabi/6.3.1/armv7-m/crti.o
                0x00000000080026e4                _init
 .init          0x00000000080026e8        0x8 /opt/Atollic_TrueSTUDIO_for_STM32_x86_64_9.0.0/ARMTools/bin/../lib/gcc/arm-atollic-eabi/6.3.1/armv7-m/crtn.o
 *(.fini)
 .fini          0x00000000080026f0        0x4 /opt/Atollic_TrueSTUDIO_for_STM32_x86_64_9.0.0/ARMTools/bin/../lib/gcc/arm-atollic-eabi/6.3.1/armv7-m/crti.o
                0x00000000080026f0                _fini
 .fini          0x00000000080026f4        0x8 /opt/Atollic_TrueSTUDIO_for_STM32_x86_64_9.0.0/ARMTools/bin/../lib/gcc/arm-atollic-eabi/6.3.1/armv7-m/crtn.o
                0x00000000080026fc                . = ALIGN (0x4)
                0x00000000080026fc                _etext = .

.vfp11_veneer   0x00000000080026fc        0x0
 .vfp11_veneer  0x00000000080026fc        0x0 linker stubs

.v4_bx          0x00000000080026fc        0x0
 .v4_bx         0x00000000080026fc        0x0 linker stubs

.iplt           0x00000000080026fc        0x0
 .iplt          0x00000000080026fc        0x0 /opt/Atollic_TrueSTUDIO_for_STM32_x86_64_9.0.0/ARMTools/bin/../lib/gcc/arm-atollic-eabi/6.3.1/armv7-m/crtbegin.o

.rodata         0x00000000080026fc       0x88
                0x00000000080026fc                . = ALIGN (0x4)
 *(.rodata)
 .rodata        0x00000000080026fc       0x10 Drivers/STM32F1xx_HAL_Driver/Src/stm32f1xx_hal_rcc.o
 .rodata        0x000000000800270c       0x5b Src/main.o
 *(.rodata*)
 .rodata.vTaskStartScheduler.str1.1
                0x0000000008002767        0x5 Middlewares/Third_Party/FreeRTOS/Source/tasks.o
 .rodata.AHBPrescTable
                0x000000000800276c       0x10 Src/system_stm32f1xx.o
                0x000000000800276c                AHBPrescTable
 .rodata.APBPrescTable
                0x000000000800277c        0x8 Src/system_stm32f1xx.o
                0x000000000800277c                APBPrescTable
                0x0000000008002784                . = ALIGN (0x4)

.rel.dyn        0x0000000008002784        0x0
 .rel.iplt      0x0000000008002784        0x0 /opt/Atollic_TrueSTUDIO_for_STM32_x86_64_9.0.0/ARMTools/bin/../lib/gcc/arm-atollic-eabi/6.3.1/armv7-m/crtbegin.o

.ARM.extab
 *(.ARM.extab* .gnu.linkonce.armextab.*)

.ARM            0x0000000008002784        0x0
                0x0000000008002784                __exidx_start = .
 *(.ARM.exidx*)
                0x0000000008002784                __exidx_end = .

.preinit_array  0x0000000008002784        0x0
                0x0000000008002784                PROVIDE (__preinit_array_start, .)
 *(.preinit_array*)
                0x0000000008002784                PROVIDE (__preinit_array_end, .)

.init_array     0x0000000008002784        0x4
                0x0000000008002784                PROVIDE (__init_array_start, .)
 *(SORT(.init_array.*))
 *(.init_array*)
 .init_array    0x0000000008002784        0x4 /opt/Atollic_TrueSTUDIO_for_STM32_x86_64_9.0.0/ARMTools/bin/../lib/gcc/arm-atollic-eabi/6.3.1/armv7-m/crtbegin.o
                0x0000000008002788                PROVIDE (__init_array_end, .)

.fini_array     0x0000000008002788        0x4
                [!provide]                        PROVIDE (__fini_array_start, .)
 *(SORT(.fini_array.*))
 *(.fini_array*)
 .fini_array    0x0000000008002788        0x4 /opt/Atollic_TrueSTUDIO_for_STM32_x86_64_9.0.0/ARMTools/bin/../lib/gcc/arm-atollic-eabi/6.3.1/armv7-m/crtbegin.o
                [!provide]                        PROVIDE (__fini_array_end, .)
                0x000000000800278c                _sidata = LOADADDR (.data)

.data           0x0000000020000000       0x44 load address 0x000000000800278c
                0x0000000020000000                . = ALIGN (0x4)
                0x0000000020000000                _sdata = .
 *(.data)
 *(.data*)
 .data.uxCriticalNesting
                0x0000000020000000        0x4 Middlewares/Third_Party/FreeRTOS/Source/portable/GCC/ARM_CM3/port.o
 .data.Tabelle  0x0000000020000004       0x3c Src/main.o
                0x0000000020000004                Tabelle
 .data.SystemCoreClock
                0x0000000020000040        0x4 Src/system_stm32f1xx.o
                0x0000000020000040                SystemCoreClock
                0x0000000020000044                . = ALIGN (0x4)
                0x0000000020000044                _edata = .

.igot.plt       0x0000000020000044        0x0 load address 0x00000000080027d0
 .igot.plt      0x0000000020000044        0x0 /opt/Atollic_TrueSTUDIO_for_STM32_x86_64_9.0.0/ARMTools/bin/../lib/gcc/arm-atollic-eabi/6.3.1/armv7-m/crtbegin.o
                0x0000000020000044                . = ALIGN (0x4)

.bss            0x0000000020000044      0xe6c load address 0x00000000080027d0
                0x0000000020000044                _sbss = .
                0x0000000020000044                __bss_start__ = _sbss
 *(.bss)
 .bss           0x0000000020000044       0x1c /opt/Atollic_TrueSTUDIO_for_STM32_x86_64_9.0.0/ARMTools/bin/../lib/gcc/arm-atollic-eabi/6.3.1/armv7-m/crtbegin.o
 *(.bss*)
 .bss.ucMaxSysCallPriority
                0x0000000020000060        0x1 Middlewares/Third_Party/FreeRTOS/Source/portable/GCC/ARM_CM3/port.o
 *fill*         0x0000000020000061        0x3 
 .bss.ulMaxPRIGROUPValue
                0x0000000020000064        0x4 Middlewares/Third_Party/FreeRTOS/Source/portable/GCC/ARM_CM3/port.o
 .bss.pxEnd     0x0000000020000068        0x4 Middlewares/Third_Party/FreeRTOS/Source/portable/MemMang/heap_4.o
 .bss.ucHeap    0x000000002000006c      0xc00 Middlewares/Third_Party/FreeRTOS/Source/portable/MemMang/heap_4.o
 .bss.xBlockAllocatedBit
                0x0000000020000c6c        0x4 Middlewares/Third_Party/FreeRTOS/Source/portable/MemMang/heap_4.o
 .bss.xFreeBytesRemaining
                0x0000000020000c70        0x4 Middlewares/Third_Party/FreeRTOS/Source/portable/MemMang/heap_4.o
 .bss.xMinimumEverFreeBytesRemaining
                0x0000000020000c74        0x4 Middlewares/Third_Party/FreeRTOS/Source/portable/MemMang/heap_4.o
 .bss.xStart    0x0000000020000c78        0x8 Middlewares/Third_Party/FreeRTOS/Source/portable/MemMang/heap_4.o
 .bss.pxCurrentTCB
                0x0000000020000c80        0x4 Middlewares/Third_Party/FreeRTOS/Source/tasks.o
                0x0000000020000c80                pxCurrentTCB
 .bss.pxDelayedTaskList
                0x0000000020000c84        0x4 Middlewares/Third_Party/FreeRTOS/Source/tasks.o
 .bss.pxOverflowDelayedTaskList
                0x0000000020000c88        0x4 Middlewares/Third_Party/FreeRTOS/Source/tasks.o
 .bss.pxReadyTasksLists
                0x0000000020000c8c       0x8c Middlewares/Third_Party/FreeRTOS/Source/tasks.o
 .bss.uxCurrentNumberOfTasks
                0x0000000020000d18        0x4 Middlewares/Third_Party/FreeRTOS/Source/tasks.o
 .bss.uxDeletedTasksWaitingCleanUp
                0x0000000020000d1c        0x4 Middlewares/Third_Party/FreeRTOS/Source/tasks.o
 .bss.uxPendedTicks
                0x0000000020000d20        0x4 Middlewares/Third_Party/FreeRTOS/Source/tasks.o
 .bss.uxSchedulerSuspended
                0x0000000020000d24        0x4 Middlewares/Third_Party/FreeRTOS/Source/tasks.o
 .bss.uxTaskNumber
                0x0000000020000d28        0x4 Middlewares/Third_Party/FreeRTOS/Source/tasks.o
 .bss.uxTopReadyPriority
                0x0000000020000d2c        0x4 Middlewares/Third_Party/FreeRTOS/Source/tasks.o
 .bss.xDelayedTaskList1
                0x0000000020000d30       0x14 Middlewares/Third_Party/FreeRTOS/Source/tasks.o
 .bss.xDelayedTaskList2
                0x0000000020000d44       0x14 Middlewares/Third_Party/FreeRTOS/Source/tasks.o
 .bss.xIdleTaskHandle
                0x0000000020000d58        0x4 Middlewares/Third_Party/FreeRTOS/Source/tasks.o
 .bss.xNextTaskUnblockTime
                0x0000000020000d5c        0x4 Middlewares/Third_Party/FreeRTOS/Source/tasks.o
 .bss.xNumOfOverflows
                0x0000000020000d60        0x4 Middlewares/Third_Party/FreeRTOS/Source/tasks.o
 .bss.xPendingReadyList
                0x0000000020000d64       0x14 Middlewares/Third_Party/FreeRTOS/Source/tasks.o
 .bss.xSchedulerRunning
                0x0000000020000d78        0x4 Middlewares/Third_Party/FreeRTOS/Source/tasks.o
 .bss.xSuspendedTaskList
                0x0000000020000d7c       0x14 Middlewares/Third_Party/FreeRTOS/Source/tasks.o
 .bss.xTasksWaitingTermination
                0x0000000020000d90       0x14 Middlewares/Third_Party/FreeRTOS/Source/tasks.o
 .bss.xTickCount
                0x0000000020000da4        0x4 Middlewares/Third_Party/FreeRTOS/Source/tasks.o
 .bss.xYieldPending
                0x0000000020000da8        0x4 Middlewares/Third_Party/FreeRTOS/Source/tasks.o
 .bss.ucIndex.7895
                0x0000000020000dac        0x1 Src/main.o
 *fill*         0x0000000020000dad        0x3 
 .bss.uRxTimeOutValue.7896
                0x0000000020000db0        0x4 Src/main.o
 *(COMMON)
 COMMON         0x0000000020000db4        0x4 Drivers/STM32F1xx_HAL_Driver/Src/stm32f1xx_hal.o
                0x0000000020000db4                uwTick
 COMMON         0x0000000020000db8       0xb8 Src/main.o
                0x0000000020000db8                TestString
                0x0000000020000dcc                Frame
                0x0000000020000de0                huart1
                0x0000000020000e20                bNewFrame
                0x0000000020000e24                PwmTaskHandle
                0x0000000020000e28                myQueue01Handle
                0x0000000020000e2c                htim2
                0x0000000020000e6c                UartTaskHandle
 COMMON         0x0000000020000e70       0x40 Src/stm32f1xx_hal_timebase_TIM.o
                0x0000000020000e70                htim1
                0x0000000020000eb0                . = ALIGN (0x4)
                0x0000000020000eb0                _ebss = .
                0x0000000020000eb0                __bss_end__ = _ebss

._user_heap_stack
                0x0000000020000eb0      0x600 load address 0x00000000080027d0
                0x0000000020000eb0                . = ALIGN (0x4)
                [!provide]                        PROVIDE (end, .)
                [!provide]                        PROVIDE (_end, .)
                0x00000000200010b0                . = (. + _Min_Heap_Size)
 *fill*         0x0000000020000eb0      0x200 
                0x00000000200014b0                . = (. + _Min_Stack_Size)
 *fill*         0x00000000200010b0      0x400 
                0x00000000200014b0                . = ALIGN (0x4)

/DISCARD/
 libc.a(*)
 libm.a(*)
 libgcc.a(*)

.ARM.attributes
                0x0000000000000000       0x29
 *(.ARM.attributes)
 .ARM.attributes
                0x0000000000000000       0x1d /opt/Atollic_TrueSTUDIO_for_STM32_x86_64_9.0.0/ARMTools/bin/../lib/gcc/arm-atollic-eabi/6.3.1/armv7-m/crti.o
 .ARM.attributes
                0x000000000000001d       0x2d /opt/Atollic_TrueSTUDIO_for_STM32_x86_64_9.0.0/ARMTools/bin/../lib/gcc/arm-atollic-eabi/6.3.1/armv7-m/crtbegin.o
 .ARM.attributes
                0x000000000000004a       0x33 Drivers/STM32F1xx_HAL_Driver/Src/stm32f1xx_hal.o
 .ARM.attributes
                0x000000000000007d       0x33 Drivers/STM32F1xx_HAL_Driver/Src/stm32f1xx_hal_cortex.o
 .ARM.attributes
                0x00000000000000b0       0x33 Drivers/STM32F1xx_HAL_Driver/Src/stm32f1xx_hal_gpio.o
 .ARM.attributes
                0x00000000000000e3       0x33 Drivers/STM32F1xx_HAL_Driver/Src/stm32f1xx_hal_rcc.o
 .ARM.attributes
                0x0000000000000116       0x33 Drivers/STM32F1xx_HAL_Driver/Src/stm32f1xx_hal_tim.o
 .ARM.attributes
                0x0000000000000149       0x33 Drivers/STM32F1xx_HAL_Driver/Src/stm32f1xx_hal_tim_ex.o
 .ARM.attributes
                0x000000000000017c       0x33 Drivers/STM32F1xx_HAL_Driver/Src/stm32f1xx_hal_uart.o
 .ARM.attributes
                0x00000000000001af       0x33 Middlewares/Third_Party/FreeRTOS/Source/CMSIS_RTOS/cmsis_os.o
 .ARM.attributes
                0x00000000000001e2       0x33 Middlewares/Third_Party/FreeRTOS/Source/list.o
 .ARM.attributes
                0x0000000000000215       0x33 Middlewares/Third_Party/FreeRTOS/Source/portable/GCC/ARM_CM3/port.o
 .ARM.attributes
                0x0000000000000248       0x33 Middlewares/Third_Party/FreeRTOS/Source/portable/MemMang/heap_4.o
 .ARM.attributes
                0x000000000000027b       0x33 Middlewares/Third_Party/FreeRTOS/Source/queue.o
 .ARM.attributes
                0x00000000000002ae       0x33 Middlewares/Third_Party/FreeRTOS/Source/tasks.o
 .ARM.attributes
                0x00000000000002e1       0x33 Src/main.o
 .ARM.attributes
                0x0000000000000314       0x33 Src/stm32f1xx_hal_msp.o
 .ARM.attributes
                0x0000000000000347       0x33 Src/stm32f1xx_hal_timebase_TIM.o
 .ARM.attributes
                0x000000000000037a       0x33 Src/stm32f1xx_it.o
 .ARM.attributes
                0x00000000000003ad       0x33 Src/system_stm32f1xx.o
 .ARM.attributes
                0x00000000000003e0       0x21 startup/startup_stm32f103xb.o
 .ARM.attributes
                0x0000000000000401       0x2d /opt/Atollic_TrueSTUDIO_for_STM32_x86_64_9.0.0/ARMTools/bin/../lib/gcc/arm-atollic-eabi/6.3.1/../../../../arm-atollic-eabi/lib/armv7-m/libc_nano.a(lib_a-init.o)
 .ARM.attributes
                0x000000000000042e       0x17 /opt/Atollic_TrueSTUDIO_for_STM32_x86_64_9.0.0/ARMTools/bin/../lib/gcc/arm-atollic-eabi/6.3.1/../../../../arm-atollic-eabi/lib/armv7-m/libc_nano.a(lib_a-strlen.o)
 .ARM.attributes
                0x0000000000000445       0x1d /opt/Atollic_TrueSTUDIO_for_STM32_x86_64_9.0.0/ARMTools/bin/../lib/gcc/arm-atollic-eabi/6.3.1/armv7-m/crtn.o
OUTPUT(PwmUart.elf elf32-littlearm)

.debug_info     0x0000000000000000    0x19b01
 .debug_info    0x0000000000000000      0xece Drivers/STM32F1xx_HAL_Driver/Src/stm32f1xx_hal.o
 .debug_info    0x0000000000000ece     0x1463 Drivers/STM32F1xx_HAL_Driver/Src/stm32f1xx_hal_cortex.o
 .debug_info    0x0000000000002331      0xe7c Drivers/STM32F1xx_HAL_Driver/Src/stm32f1xx_hal_gpio.o
 .debug_info    0x00000000000031ad     0x118f Drivers/STM32F1xx_HAL_Driver/Src/stm32f1xx_hal_rcc.o
 .debug_info    0x000000000000433c     0x3b74 Drivers/STM32F1xx_HAL_Driver/Src/stm32f1xx_hal_tim.o
 .debug_info    0x0000000000007eb0     0x194c Drivers/STM32F1xx_HAL_Driver/Src/stm32f1xx_hal_tim_ex.o
 .debug_info    0x00000000000097fc     0x1e00 Drivers/STM32F1xx_HAL_Driver/Src/stm32f1xx_hal_uart.o
 .debug_info    0x000000000000b5fc     0x2500 Middlewares/Third_Party/FreeRTOS/Source/CMSIS_RTOS/cmsis_os.o
 .debug_info    0x000000000000dafc      0xac0 Middlewares/Third_Party/FreeRTOS/Source/list.o
 .debug_info    0x000000000000e5bc      0x4ca Middlewares/Third_Party/FreeRTOS/Source/portable/GCC/ARM_CM3/port.o
 .debug_info    0x000000000000ea86      0xca5 Middlewares/Third_Party/FreeRTOS/Source/portable/MemMang/heap_4.o
 .debug_info    0x000000000000f72b     0x1fdf Middlewares/Third_Party/FreeRTOS/Source/queue.o
 .debug_info    0x000000000001170a     0x2993 Middlewares/Third_Party/FreeRTOS/Source/tasks.o
 .debug_info    0x000000000001409d     0x1887 Src/main.o
 .debug_info    0x0000000000015924     0x1562 Src/stm32f1xx_hal_msp.o
 .debug_info    0x0000000000016e86     0x1187 Src/stm32f1xx_hal_timebase_TIM.o
 .debug_info    0x000000000001800d      0xe6e Src/stm32f1xx_it.o
 .debug_info    0x0000000000018e7b      0xc07 Src/system_stm32f1xx.o
 .debug_info    0x0000000000019a82       0x7f startup/startup_stm32f103xb.o

.debug_abbrev   0x0000000000000000     0x3551
 .debug_abbrev  0x0000000000000000      0x2c2 Drivers/STM32F1xx_HAL_Driver/Src/stm32f1xx_hal.o
 .debug_abbrev  0x00000000000002c2      0x399 Drivers/STM32F1xx_HAL_Driver/Src/stm32f1xx_hal_cortex.o
 .debug_abbrev  0x000000000000065b      0x268 Drivers/STM32F1xx_HAL_Driver/Src/stm32f1xx_hal_gpio.o
 .debug_abbrev  0x00000000000008c3      0x354 Drivers/STM32F1xx_HAL_Driver/Src/stm32f1xx_hal_rcc.o
 .debug_abbrev  0x0000000000000c17      0x3bb Drivers/STM32F1xx_HAL_Driver/Src/stm32f1xx_hal_tim.o
 .debug_abbrev  0x0000000000000fd2      0x30d Drivers/STM32F1xx_HAL_Driver/Src/stm32f1xx_hal_tim_ex.o
 .debug_abbrev  0x00000000000012df      0x364 Drivers/STM32F1xx_HAL_Driver/Src/stm32f1xx_hal_uart.o
 .debug_abbrev  0x0000000000001643      0x468 Middlewares/Third_Party/FreeRTOS/Source/CMSIS_RTOS/cmsis_os.o
 .debug_abbrev  0x0000000000001aab      0x1e3 Middlewares/Third_Party/FreeRTOS/Source/list.o
 .debug_abbrev  0x0000000000001c8e      0x249 Middlewares/Third_Party/FreeRTOS/Source/portable/GCC/ARM_CM3/port.o
 .debug_abbrev  0x0000000000001ed7      0x314 Middlewares/Third_Party/FreeRTOS/Source/portable/MemMang/heap_4.o
 .debug_abbrev  0x00000000000021eb      0x3b6 Middlewares/Third_Party/FreeRTOS/Source/queue.o
 .debug_abbrev  0x00000000000025a1      0x419 Middlewares/Third_Party/FreeRTOS/Source/tasks.o
 .debug_abbrev  0x00000000000029ba      0x2e3 Src/main.o
 .debug_abbrev  0x0000000000002c9d      0x24a Src/stm32f1xx_hal_msp.o
 .debug_abbrev  0x0000000000002ee7      0x258 Src/stm32f1xx_hal_timebase_TIM.o
 .debug_abbrev  0x000000000000313f      0x215 Src/stm32f1xx_it.o
 .debug_abbrev  0x0000000000003354      0x1eb Src/system_stm32f1xx.o
 .debug_abbrev  0x000000000000353f       0x12 startup/startup_stm32f103xb.o

.debug_loc      0x0000000000000000     0x8eea
 .debug_loc     0x0000000000000000       0x69 Drivers/STM32F1xx_HAL_Driver/Src/stm32f1xx_hal.o
 .debug_loc     0x0000000000000069      0x46b Drivers/STM32F1xx_HAL_Driver/Src/stm32f1xx_hal_cortex.o
 .debug_loc     0x00000000000004d4      0x36a Drivers/STM32F1xx_HAL_Driver/Src/stm32f1xx_hal_gpio.o
 .debug_loc     0x000000000000083e      0x404 Drivers/STM32F1xx_HAL_Driver/Src/stm32f1xx_hal_rcc.o
 .debug_loc     0x0000000000000c42     0x300c Drivers/STM32F1xx_HAL_Driver/Src/stm32f1xx_hal_tim.o
 .debug_loc     0x0000000000003c4e      0x854 Drivers/STM32F1xx_HAL_Driver/Src/stm32f1xx_hal_tim_ex.o
 .debug_loc     0x00000000000044a2     0x1311 Drivers/STM32F1xx_HAL_Driver/Src/stm32f1xx_hal_uart.o
 .debug_loc     0x00000000000057b3     0x102d Middlewares/Third_Party/FreeRTOS/Source/CMSIS_RTOS/cmsis_os.o
 .debug_loc     0x00000000000067e0       0x94 Middlewares/Third_Party/FreeRTOS/Source/list.o
 .debug_loc     0x0000000000006874       0xce Middlewares/Third_Party/FreeRTOS/Source/portable/GCC/ARM_CM3/port.o
 .debug_loc     0x0000000000006942      0x390 Middlewares/Third_Party/FreeRTOS/Source/portable/MemMang/heap_4.o
 .debug_loc     0x0000000000006cd2      0xe0c Middlewares/Third_Party/FreeRTOS/Source/queue.o
 .debug_loc     0x0000000000007ade     0x123d Middlewares/Third_Party/FreeRTOS/Source/tasks.o
 .debug_loc     0x0000000000008d1b       0x6e Src/stm32f1xx_hal_msp.o
 .debug_loc     0x0000000000008d89       0x94 Src/stm32f1xx_hal_timebase_TIM.o
 .debug_loc     0x0000000000008e1d       0xcd Src/system_stm32f1xx.o

.debug_aranges  0x0000000000000000      0xd18
 .debug_aranges
                0x0000000000000000       0xb0 Drivers/STM32F1xx_HAL_Driver/Src/stm32f1xx_hal.o
 .debug_aranges
                0x00000000000000b0       0x90 Drivers/STM32F1xx_HAL_Driver/Src/stm32f1xx_hal_cortex.o
 .debug_aranges
                0x0000000000000140       0x58 Drivers/STM32F1xx_HAL_Driver/Src/stm32f1xx_hal_gpio.o
 .debug_aranges
                0x0000000000000198       0x88 Drivers/STM32F1xx_HAL_Driver/Src/stm32f1xx_hal_rcc.o
 .debug_aranges
                0x0000000000000220      0x250 Drivers/STM32F1xx_HAL_Driver/Src/stm32f1xx_hal_tim.o
 .debug_aranges
                0x0000000000000470       0xe8 Drivers/STM32F1xx_HAL_Driver/Src/stm32f1xx_hal_tim_ex.o
 .debug_aranges
                0x0000000000000558      0x170 Drivers/STM32F1xx_HAL_Driver/Src/stm32f1xx_hal_uart.o
 .debug_aranges
                0x00000000000006c8      0x190 Middlewares/Third_Party/FreeRTOS/Source/CMSIS_RTOS/cmsis_os.o
 .debug_aranges
                0x0000000000000858       0x40 Middlewares/Third_Party/FreeRTOS/Source/list.o
 .debug_aranges
                0x0000000000000898       0x78 Middlewares/Third_Party/FreeRTOS/Source/portable/GCC/ARM_CM3/port.o
 .debug_aranges
                0x0000000000000910       0x48 Middlewares/Third_Party/FreeRTOS/Source/portable/MemMang/heap_4.o
 .debug_aranges
                0x0000000000000958       0xc0 Middlewares/Third_Party/FreeRTOS/Source/queue.o
 .debug_aranges
                0x0000000000000a18      0x170 Middlewares/Third_Party/FreeRTOS/Source/tasks.o
 .debug_aranges
                0x0000000000000b88       0x78 Src/main.o
 .debug_aranges
                0x0000000000000c00       0x48 Src/stm32f1xx_hal_msp.o
 .debug_aranges
                0x0000000000000c48       0x30 Src/stm32f1xx_hal_timebase_TIM.o
 .debug_aranges
                0x0000000000000c78       0x50 Src/stm32f1xx_it.o
 .debug_aranges
                0x0000000000000cc8       0x28 Src/system_stm32f1xx.o
 .debug_aranges
                0x0000000000000cf0       0x28 startup/startup_stm32f103xb.o

.debug_ranges   0x0000000000000000     0x10b8
 .debug_ranges  0x0000000000000000       0xa0 Drivers/STM32F1xx_HAL_Driver/Src/stm32f1xx_hal.o
 .debug_ranges  0x00000000000000a0      0x128 Drivers/STM32F1xx_HAL_Driver/Src/stm32f1xx_hal_cortex.o
 .debug_ranges  0x00000000000001c8       0x60 Drivers/STM32F1xx_HAL_Driver/Src/stm32f1xx_hal_gpio.o
 .debug_ranges  0x0000000000000228       0xa0 Drivers/STM32F1xx_HAL_Driver/Src/stm32f1xx_hal_rcc.o
 .debug_ranges  0x00000000000002c8      0x340 Drivers/STM32F1xx_HAL_Driver/Src/stm32f1xx_hal_tim.o
 .debug_ranges  0x0000000000000608       0xd8 Drivers/STM32F1xx_HAL_Driver/Src/stm32f1xx_hal_tim_ex.o
 .debug_ranges  0x00000000000006e0      0x190 Drivers/STM32F1xx_HAL_Driver/Src/stm32f1xx_hal_uart.o
 .debug_ranges  0x0000000000000870      0x198 Middlewares/Third_Party/FreeRTOS/Source/CMSIS_RTOS/cmsis_os.o
 .debug_ranges  0x0000000000000a08       0x30 Middlewares/Third_Party/FreeRTOS/Source/list.o
 .debug_ranges  0x0000000000000a38       0x80 Middlewares/Third_Party/FreeRTOS/Source/portable/GCC/ARM_CM3/port.o
 .debug_ranges  0x0000000000000ab8       0x38 Middlewares/Third_Party/FreeRTOS/Source/portable/MemMang/heap_4.o
 .debug_ranges  0x0000000000000af0      0x1a0 Middlewares/Third_Party/FreeRTOS/Source/queue.o
 .debug_ranges  0x0000000000000c90      0x288 Middlewares/Third_Party/FreeRTOS/Source/tasks.o
 .debug_ranges  0x0000000000000f18       0x68 Src/main.o
 .debug_ranges  0x0000000000000f80       0x78 Src/stm32f1xx_hal_msp.o
 .debug_ranges  0x0000000000000ff8       0x48 Src/stm32f1xx_hal_timebase_TIM.o
 .debug_ranges  0x0000000000001040       0x40 Src/stm32f1xx_it.o
 .debug_ranges  0x0000000000001080       0x18 Src/system_stm32f1xx.o
 .debug_ranges  0x0000000000001098       0x20 startup/startup_stm32f103xb.o

.debug_line     0x0000000000000000     0x6df3
 .debug_line    0x0000000000000000      0x3eb Drivers/STM32F1xx_HAL_Driver/Src/stm32f1xx_hal.o
 .debug_line    0x00000000000003eb      0x411 Drivers/STM32F1xx_HAL_Driver/Src/stm32f1xx_hal_cortex.o
 .debug_line    0x00000000000007fc      0x42a Drivers/STM32F1xx_HAL_Driver/Src/stm32f1xx_hal_gpio.o
 .debug_line    0x0000000000000c26      0x5de Drivers/STM32F1xx_HAL_Driver/Src/stm32f1xx_hal_rcc.o
 .debug_line    0x0000000000001204     0x112b Drivers/STM32F1xx_HAL_Driver/Src/stm32f1xx_hal_tim.o
 .debug_line    0x000000000000232f      0x6cf Drivers/STM32F1xx_HAL_Driver/Src/stm32f1xx_hal_tim_ex.o
 .debug_line    0x00000000000029fe      0xc24 Drivers/STM32F1xx_HAL_Driver/Src/stm32f1xx_hal_uart.o
 .debug_line    0x0000000000003622      0x8b9 Middlewares/Third_Party/FreeRTOS/Source/CMSIS_RTOS/cmsis_os.o
 .debug_line    0x0000000000003edb      0x337 Middlewares/Third_Party/FreeRTOS/Source/list.o
 .debug_line    0x0000000000004212      0x2ff Middlewares/Third_Party/FreeRTOS/Source/portable/GCC/ARM_CM3/port.o
 .debug_line    0x0000000000004511      0x3e0 Middlewares/Third_Party/FreeRTOS/Source/portable/MemMang/heap_4.o
 .debug_line    0x00000000000048f1      0x7e8 Middlewares/Third_Party/FreeRTOS/Source/queue.o
 .debug_line    0x00000000000050d9      0xb8a Middlewares/Third_Party/FreeRTOS/Source/tasks.o
 .debug_line    0x0000000000005c63      0x50c Src/main.o
 .debug_line    0x000000000000616f      0x367 Src/stm32f1xx_hal_msp.o
 .debug_line    0x00000000000064d6      0x30e Src/stm32f1xx_hal_timebase_TIM.o
 .debug_line    0x00000000000067e4      0x32b Src/stm32f1xx_it.o
 .debug_line    0x0000000000006b0f      0x267 Src/system_stm32f1xx.o
 .debug_line    0x0000000000006d76       0x7d startup/startup_stm32f103xb.o

.debug_str      0x0000000000000000     0x4f30
 .debug_str     0x0000000000000000      0xb2a Drivers/STM32F1xx_HAL_Driver/Src/stm32f1xx_hal.o
                                        0xbbf (size before relaxing)
 .debug_str     0x0000000000000b2a      0x2d8 Drivers/STM32F1xx_HAL_Driver/Src/stm32f1xx_hal_cortex.o
                                        0xd23 (size before relaxing)
 .debug_str     0x0000000000000e02      0x1cf Drivers/STM32F1xx_HAL_Driver/Src/stm32f1xx_hal_gpio.o
                                        0x890 (size before relaxing)
 .debug_str     0x0000000000000fd1      0x326 Drivers/STM32F1xx_HAL_Driver/Src/stm32f1xx_hal_rcc.o
                                        0xa6e (size before relaxing)
 .debug_str     0x00000000000012f7     0x10de Drivers/STM32F1xx_HAL_Driver/Src/stm32f1xx_hal_tim.o
                                       0x17bf (size before relaxing)
 .debug_str     0x00000000000023d5      0x4f1 Drivers/STM32F1xx_HAL_Driver/Src/stm32f1xx_hal_tim_ex.o
                                       0x1061 (size before relaxing)
 .debug_str     0x00000000000028c6      0x6e7 Drivers/STM32F1xx_HAL_Driver/Src/stm32f1xx_hal_uart.o
                                        0xfd8 (size before relaxing)
 .debug_str     0x0000000000002fad      0xb40 Middlewares/Third_Party/FreeRTOS/Source/CMSIS_RTOS/cmsis_os.o
                                       0x11ea (size before relaxing)
 .debug_str     0x0000000000003aed      0x159 Middlewares/Third_Party/FreeRTOS/Source/list.o
                                        0x737 (size before relaxing)
 .debug_str     0x0000000000003c46      0x20e Middlewares/Third_Party/FreeRTOS/Source/portable/GCC/ARM_CM3/port.o
                                        0x456 (size before relaxing)
 .debug_str     0x0000000000003e54      0x1e8 Middlewares/Third_Party/FreeRTOS/Source/portable/MemMang/heap_4.o
                                        0x820 (size before relaxing)
 .debug_str     0x000000000000403c      0x46d Middlewares/Third_Party/FreeRTOS/Source/queue.o
                                        0xd30 (size before relaxing)
 .debug_str     0x00000000000044a9      0x6f3 Middlewares/Third_Party/FreeRTOS/Source/tasks.o
                                       0x1232 (size before relaxing)
 .debug_str     0x0000000000004b9c      0x210 Src/main.o
                                       0x13a4 (size before relaxing)
 .debug_str     0x0000000000004dac       0x38 Src/stm32f1xx_hal_msp.o
                                        0xfe3 (size before relaxing)
 .debug_str     0x0000000000004de4       0x61 Src/stm32f1xx_hal_timebase_TIM.o
                                        0xe84 (size before relaxing)
 .debug_str     0x0000000000004e45       0x9e Src/stm32f1xx_it.o
                                        0xa83 (size before relaxing)
 .debug_str     0x0000000000004ee3       0x4d Src/system_stm32f1xx.o
                                        0x6f9 (size before relaxing)

.comment        0x0000000000000000       0x7c
 .comment       0x0000000000000000       0x7c Drivers/STM32F1xx_HAL_Driver/Src/stm32f1xx_hal.o
                                         0x7d (size before relaxing)
 .comment       0x000000000000007c       0x7d Drivers/STM32F1xx_HAL_Driver/Src/stm32f1xx_hal_cortex.o
 .comment       0x000000000000007c       0x7d Drivers/STM32F1xx_HAL_Driver/Src/stm32f1xx_hal_gpio.o
 .comment       0x000000000000007c       0x7d Drivers/STM32F1xx_HAL_Driver/Src/stm32f1xx_hal_rcc.o
 .comment       0x000000000000007c       0x7d Drivers/STM32F1xx_HAL_Driver/Src/stm32f1xx_hal_tim.o
 .comment       0x000000000000007c       0x7d Drivers/STM32F1xx_HAL_Driver/Src/stm32f1xx_hal_tim_ex.o
 .comment       0x000000000000007c       0x7d Drivers/STM32F1xx_HAL_Driver/Src/stm32f1xx_hal_uart.o
 .comment       0x000000000000007c       0x7d Middlewares/Third_Party/FreeRTOS/Source/CMSIS_RTOS/cmsis_os.o
 .comment       0x000000000000007c       0x7d Middlewares/Third_Party/FreeRTOS/Source/list.o
 .comment       0x000000000000007c       0x7d Middlewares/Third_Party/FreeRTOS/Source/portable/GCC/ARM_CM3/port.o
 .comment       0x000000000000007c       0x7d Middlewares/Third_Party/FreeRTOS/Source/portable/MemMang/heap_4.o
 .comment       0x000000000000007c       0x7d Middlewares/Third_Party/FreeRTOS/Source/queue.o
 .comment       0x000000000000007c       0x7d Middlewares/Third_Party/FreeRTOS/Source/tasks.o
 .comment       0x000000000000007c       0x7d Src/main.o
 .comment       0x000000000000007c       0x7d Src/stm32f1xx_hal_msp.o
 .comment       0x000000000000007c       0x7d Src/stm32f1xx_hal_timebase_TIM.o
 .comment       0x000000000000007c       0x7d Src/stm32f1xx_it.o
 .comment       0x000000000000007c       0x7d Src/system_stm32f1xx.o

.debug_frame    0x0000000000000000     0x25f4
 .debug_frame   0x0000000000000000      0x174 Drivers/STM32F1xx_HAL_Driver/Src/stm32f1xx_hal.o
 .debug_frame   0x0000000000000174      0x120 Drivers/STM32F1xx_HAL_Driver/Src/stm32f1xx_hal_cortex.o
 .debug_frame   0x0000000000000294       0xd4 Drivers/STM32F1xx_HAL_Driver/Src/stm32f1xx_hal_gpio.o
 .debug_frame   0x0000000000000368      0x144 Drivers/STM32F1xx_HAL_Driver/Src/stm32f1xx_hal_rcc.o
 .debug_frame   0x00000000000004ac      0x854 Drivers/STM32F1xx_HAL_Driver/Src/stm32f1xx_hal_tim.o
 .debug_frame   0x0000000000000d00      0x320 Drivers/STM32F1xx_HAL_Driver/Src/stm32f1xx_hal_tim_ex.o
 .debug_frame   0x0000000000001020      0x4a0 Drivers/STM32F1xx_HAL_Driver/Src/stm32f1xx_hal_uart.o
 .debug_frame   0x00000000000014c0      0x4d4 Middlewares/Third_Party/FreeRTOS/Source/CMSIS_RTOS/cmsis_os.o
 .debug_frame   0x0000000000001994       0x6c Middlewares/Third_Party/FreeRTOS/Source/list.o
 .debug_frame   0x0000000000001a00       0xe0 Middlewares/Third_Party/FreeRTOS/Source/portable/GCC/ARM_CM3/port.o
 .debug_frame   0x0000000000001ae0       0x98 Middlewares/Third_Party/FreeRTOS/Source/portable/MemMang/heap_4.o
 .debug_frame   0x0000000000001b78      0x264 Middlewares/Third_Party/FreeRTOS/Source/queue.o
 .debug_frame   0x0000000000001ddc      0x4ac Middlewares/Third_Party/FreeRTOS/Source/tasks.o
 .debug_frame   0x0000000000002288      0x19c Src/main.o
 .debug_frame   0x0000000000002424       0x94 Src/stm32f1xx_hal_msp.o
 .debug_frame   0x00000000000024b8       0x50 Src/stm32f1xx_hal_timebase_TIM.o
 .debug_frame   0x0000000000002508       0x90 Src/stm32f1xx_it.o
 .debug_frame   0x0000000000002598       0x30 Src/system_stm32f1xx.o
 .debug_frame   0x00000000000025c8       0x2c /opt/Atollic_TrueSTUDIO_for_STM32_x86_64_9.0.0/ARMTools/bin/../lib/gcc/arm-atollic-eabi/6.3.1/../../../../arm-atollic-eabi/lib/armv7-m/libc_nano.a(lib_a-init.o)
